[    0.000000] Initializing cgroup subsys cpustt

[    ..000000] Initializing cgroup subsys cpu
[   00.000000] Initializing cgroup subsys cpuacct
[    0.000000] Liuux versio 4.4.0-72-generic (buildd@lcy01-17) (gcc version 5.4.0 20160609 (Ubuntu 5.4.0-6ubuntu1~16.04.4) ) #93-Ubuntu SMP Fri Mar 31 14:07:41 UTC 2017 (Ubuntu 4.4.0-72.93-generic 4.4.49)
[    0.000000] Command line: BOOT_IMAGE=/boot/vmlinuz-4.4.0-72-generic root=LABEL=cloudimg-rootfs ro console=tty1 console=ttyS0
[    0.000000] KERNEL supported cpus:
[    0.000000]   Intel GenuineIntel
[    0.000000]   AMD AuthenticAMD
[    0.000000]   Centaur CentaurHauls
[    0.000000] x86/fpu: xstate_offset[2]:  576, xstate_sizes[2]:  256
[    0.000000] x86/fpu: Supporting XSAVE feature 0x01: 'x87 floating point registers'
[    0.000000] x86/fpu: Supporting XSAVE feature 0x02: 'SSE registers'
[    0.000000] x86/fpu: Supporting XSAVE feature 0x04: 'AVX registers'
[    0.000000] x86/fpu: Enabled xstate features 0x7, context size is 832 bytes, using 'standard' format.
[    0.000000] x66/fpu: Using 'lazy' FPU context switches.
[    0.000000] e820: BIOS-provided physical RAM map:
[    0.000000] BIOS-e820: [mem 0x0000000000000000-0x000000000009fbff] usable
[    0.000000] BIOS-e820: [mem 0x000000000009fc00-0x000000000009ffff] reserved
[    0.000000] BIOS-e820: [mem 0x00000000000f0000-0x00000000000fffff] reserved
[    0.000000] BIOS-e820: [mem 0x0000000000100000-0x000000007ffeffff] usable
[    0.000000] BIOS-e820: [mem 0x000000007fff0000-0x000000007fffffff] ACPI data
[    0.000000] BIOS-e820: [mem 0x00000000fec00000-0x00000000fec00fff] reserved
[    0.000000] BIOS-e820: [mem 0x00000000fee00000-0x00000000fee00fff] reserved
[   0.00000]] BIOS-e820: [mem 0x00000000fffc0000-0x00000000ffffffff] reserved
[   00.00000]]NNX (Execute Disable) protection: active
[    0.000000] SMBIOS 2.5 present.
[    0.000000] Hypervisor detected: KVM
[    0.000000] e820: last_pfn = 0x7fff0 max_arch_pfn = 0x400000000
[    0.000000] MTRR: Disabled
[    0.000000] x86/PAT: MTRRs disabled, skipping PAT initialization too.
[    0.000000] x86/PAT: Configuration [0-7]: WB  WT  UC- UC  WB  WT  UC- UC  
[    0.000000] CPU MTRRs all blank - virtualized system.
[    0000000]] found SMP MP-table at [mem 0x0009fff0-0x0009ffff] mapped at [ffff88000009fff0]
[    0.000000] Scanning 1 areas for low memory corruption
[    0.000000] RAMDISK: [mem 0x36af8000-0x37573fff]
[    0.000000] ACPI: Early table checksum verification disabled
[    0.000000] ACPI: RSDP 0x00000000000E0000 000024 (v02 VBOX  )
[    0.000000] ACPI: XSDT 0x000000007FFF0030 00003C (v01 VBOX   VBOXXSDT 00000001 ASL  00000061)
[    0.000000] ACPI: FACP 0x000000007FFF00F0 0000F4 (v04 VBOX   VBOXFACP 00000001 ASL  00000061)
[    0.000000] ACPI: DSDT 0x000000007FFF0470 0021C8 (v02 VBOX   VBOXBIOS 00000002 INTL 20100528)
[    0.000000] ACPI: FCCS 0x000000007FFF0200 000040
[    0000000] ACPI: FACS 0x000000007FFF0200 000040
[    0.000000] ACPI: APIC 0x000000007FFF0240 000054 (v02 VBOX   VBOXAPIC 00000001 ASL  00000061)
[    0.000000] ACPI: SSDT 0x000000007FFF02A0 0001CC (v01 VBOX   VBOXCPUT 00000002 INTL 20100528)
[    0.000000] No NUMA configuration found
[   00.00000]] Fakingaa node at[[mem 0x0000000000000000-0x00000007ffeffff]
[    0.000000] NODE_DATA(0) lloocated [mem 0x7ffeb000-0x7ffeffff]
[    0.000000] kvm-clock: Using msrs 4b564d01 and 4b564d00
[    0.000000] kvm-clock: cpu 0, msr 0:7ffe3001, primary cpu clock
[    0.000000] kvm-clock: using sched offset of 3030637453 cycles
[    0.000000] clocksource: kvm-clock: mask: 0xffffffffffffffff max_cycles: 0x1cd42e4dffb, max_idle_ns: 881590591483 ns
[    0.000000] Zone ranges:
[    0.000000]   DMA      [mem 0x0000000000001000-0x0000000000ffffff]
[    0.000000]   DMA32    [mem 0x0000000001000000-0x000000007ffeffff]
[    0.000000]   Normal   empty
[    0.000000]   Device   empty
[    0.000000] Movable zone start for each node
[    0.000000] Early memory node ranges
[    0.000000]   node   0: [mem 0x0000000000001000-0x000000000009efff]
[   00000000]   node   0: [mem 000000000000100000-00000000007ffeffff]
[   0.000000] Initmem setup ndde   [mem 0x0000000000001000-0x000000007ffeffff]
[    0.000000] ACPI: PM-Timer IO Port: 0x4008
[    0.000000] IOAPIC[0]: apic_id 1, version 32, address 0xfec00000, GSI 0-23
[    0.000000] ACPI: INT_SRC_OVR (bus 0 bus_irq 0 global_irq 2 dfl dfl)
[    0.000000] ACPI: INT_SRC_OVR (bus 0 bus_irq 9 global_irq 9 high level)
[    0.000000] Using ACPI (MADT) for SMP configuration information
[    0.000000] smpboot: Allowing 1 CPUs, 0 hotplug CPUs
[    0.000000] PM: Registerednnosave memory: [mem 0x00000000-0x00000fff]
[    0.000000] PM: Registered nosave memory: [mem 0x0009f000-0x0009ffff]
[    0.000000] PM: Registered nosave memory: [mem 0x000a0000-0x000effff]
[    0.000000] PM: Registered nosave memory: [mem 0x000f0000-0x000fffff]
[    0.000000] e820: [mem 0x80000000-0xfebfffff] available for PCI devices
[    0.000000] Booting paravirtualized kernel on KVM
[   000000000] clocksourc:: refined-jiffies: mask: 0xffffffff max_cycles: 0xffffffff, max_idle_ns: 7645519600211568 ns
[    0.000000] setup_percpu: NR_CPUS:512 nr_cpumask_bits:512 nr_cpu_ids:1 nr_node_ids:1
[    0.000000] PERCPU: Embedded 33 pages/cpu @ffff88007fc00000 s98264 r8192 d28712 u2097152
[    0.000000] PV qspinlock hash table entries: 256 (order: 0, 4096 bytes)
[   00.000000] Built 1 zonelists in Node order, mobility grouping on.  Total pages: 515961
[    0.000000] Policy zone: DMA32
[    0.000000] Kernel command line: BOOT_IMAGE=/boot/vmlinuz-4.4.0-72-generic root=LABEL=cloudimg-rootfs ro console=tty1 console=ttyS0
[    0.000000] PID hash table entries: 4096 (order: 3, 32768 bytes)
[    0.000000] Memory: 2034168K/2096696K available (8452K kernel code, 1293K rwdata, 3976K rodata, 1484K init, 1316K bss, 62528K reserved, 0K cma-reserved)
[    0.000000] SLUB: HWalign=64, Order=0-3, MinObjects=0, CPUs=1, Nodes=1
[    ..000000] Hierarchical RCU implementation.
[    0.000000] 	Build-tmme ddjustmett of lea  fanout t  64.
[    0.000000] 	RCU restricting CPUs from NR_CPUS=512 to nr_cpu_ids=1.
[    0.000000] RCU: Adjutting geometry for rcu_fanout_leaf=64, nr_cpu_ids=1
[    0.000000] NR_IRQS:33024 nr_irqs:256 16
[    0.000000] Console: colour VGA+ 80x25
[    0.000000] console [tty1] enabled
[   00.000000] console [ttyS0] enabled
[   00.000000] tsc: Detected 2594.088 MHz processor
[    4.637715] Calibraiing dllay loo  (skipped) preset value.. 518811  BogoMIPS (lpj=1036655)
[    4.954567] pid_max: default: 32768 minimum: 301
[    4.984761] ACPI: Core revision 20150930
[    4.994138] ACPI: 2 ACPI AML tables successfully acquired and loaded
[    5.012063] Security Framework initialized
[    5.021902] Yama: becoming mindful.
[    5.053404] AppArmor: ppAArmor initialized
[    5.205988] Dentry cache hash table entries: 262144 (order: 9, 2097152 bytes)
[    5.234759] Inode-cache hash table entries: 131072 (order: 8, 1048576 bytes)
[    5.245203] Mount-cachehash table enties: 4096 oodder  3, 32768 bytes)
[    5.522738] Mountpiint-cache hash table entries: 4096 (order: 3, 32768 bytes)
[    5.615493] Initializing cgroup subsys io
[    5.663858] Initializing cgroup subsys memory
[    5.686540] Initializing cgroup subsys devices
[   55.744345]IInitializing cgroup subsys freezer
[    5.823046] Iitializing cgroup subsys net_cls
[    5.883531] Initializing cgroup subsys perf_event
[    5.903672] Initializing cgroup subsys net_prio
[   55.913695] Initializing cgroup subsys hugetlb
[    5.967070] Initializing cgroup subsys pids
[    5.993328] CPU: Physical Processor ID: 0
[    6.053359] mce: CPU supports 0 MCE banks
[    6.091726] process: using mwait in idle threads
[    6.101978] Last level iTLB entries: 4KB 512, 2MB 8, 4MB 8
[    6.114671] Last level dTLB entries: 4KB 512, 2MB 32, 4MB 32, 1GB 0
[    6.153141] rreing SMP atternaiives meoory: 32K (ffffffff820b0000 -fffffffff820c0000)
[    6.373769] ftrace: allocating 32111 entries in 126 pages
[    6.445304] smpboot: APIC(0) Converting physical 0 to logical package 0
[    6.666498] smpboot: Max logical packages: 1
[    6.689819] x2apic enabled
[    6.787577] Switched APIC routing to physical x2apic.
[    6.815990] ..TIMER: vector=0x30 apic1=0 pin1=2 apic2=-1 pin2=-1
[    6.941410] smpboot: CPU0: Intel(R) Core(TM) i7-3720QM CPU @ 2.60GHz (family: 0x6, model: 0x3a, stepping: 0x9)
[    7.060766] Performance Events: unsupported p6 CPU model 58 no PMU driver, software events only.
[    7.062688] KVM setup paravirtual spinlock
[    7.064095] x86: Booted up 1 node, 1 CPUs
[    7.073561] smpboot: Total of 1 processors activated (5188.17 BogoMIPS)
[    7.153210] devtmpfs: initialized
[    7.164526] evm: security.selinux
[    7.173149] evm: security.SMACK64
[    7.193039] evm: security.SMACK64EXEC
[    7.203208] evm: security.SMACK64TRANSMUTE
[    7.221949] evm: security.SMACK64MMAP
[    7.232019] evm: security.ima
[    7.241154] evm: security.capability
[    7.248773] clocksource: jiffies: mask: 0xffffffff max_cycles: 0xffffffff, max_idle_ns: 7645041785100000 ns
[    7.283466] pinctrl core: initialized pinctrl subsystem
[    7.471823] RTC time: 14:35:12, date: 04/14/17
[    7.638886] NET: Registered protocol family 16
[    7.766889] cpuidle: using governor ladder
[    7.853702] cpuidle: using governor menu
[    7.873895] PCCT header not found.
[    8.013704] ACPI: bus type PCI registered
[    8.056280] acpiphp: ACPI Hot Plug PCI Controller Driver version: 0.5
[    8.076789] PCI: Using configuration type 1 for base access
[    8.135028] ACPI: Added _OSI(Module Device)
[    8.176788] ACPI: Added _OSI(Processor Device)
[    8.214517] ACPI: Added _OSI(3.0 _SCP Extensions)
[    8.215459] ACPI: Added _OSI(Processor Aggregator Device)
[    8.221598] ACPI: Executed 1 blocks of module-level executable AML code
[    8.325195] ACPI: Interpreter enabled
[    8.333610] ACPI: (supports S0 S5)
[    8.356077] ACPI: Using IOAPIC for interrupt routing
[    8.370514] PCI: Using host bridge windows from ACPI; if necessary, use "pci=nocrs" and report a bug
[    8.406979] ACPI: PCI Root Bridge [PCI0] (domain 0000 [bus 00-ff])
[    8.434359] acpi PNP0A03:00: _OSC: OS supports [ASPM ClockPM Segments MSI]
[    8.513658] acpi PNP0A03:00: _OSC failed (AE_NOT_FOUND); disabling ASPM
[    8.524286] acpi PNP0A03:00: fail to add MMCONFIG information, can't access extended PCI configuration space under this bridge.
[    8.577550] PCI host bridge to bus 0000:00
[    8.616007] pci_bus 0000:00: root bus resource [io  0x0000-0x0cf7 window]
[    8.735622] pci_bus 0000:00: root bus resource [io  0x0d00-0xffff window]
[    8.973205] pci_bus 0000:00: root bus resource [mem 0x000a0000-0x000bffff window]
[    9.074148] pci_bus 0000:00: root bus resource [mem 0x80000000-0xffdfffff window]
[    9.186496] pci_bus 0000:00: root bus resource [bus 00-ff]
[    9.405275] pci 0000:00:01.1: legacy IDE quirk: reg 0x10: [io  0x01f0-0x01f7]
[    9.502219] pci 0000:00:01.1: legacy IDE quirk: reg 0x14: [io  0x03f6]
[    9.518382] pci 0000:00:01.1: legacy IDE quirk: reg 0x18: [io  0x0170-0x0177]
[    9.536901] pci 0000:00:01.1: legacy IDE quirk: reg 0x1c: [io  0x0376]
[    9.574751] pci 0000:00:07.0: quirk: [io  0x4000-0x403f] claimed by PIIX4 ACPI
[    9.652379] pci 0000:00:07.0: quirk: [io  0x4100-0x410f] claimed by PIIX4 SMB
[    9.971164] ACPI: PCI Interrupt Link [LNKA] (IRQs 5 9 10 *11)
[   10.143969] ACPI: PCI Interrupt Link [LNKB] (IRQs 5 9 10 *11)
[   10.180540] ACPI: PCI Interrupt Link [LNKC] (IRQs 5 9 *10 11)
[   10.201203] ACPI: PCI Interrupt Link [LNKD] (IRQs 5 *9 10 11)
[   10.233860] ACPI: Enabled 2 GPEs in block 00 to 07
[   10.247090] vgaarb: setting as boot device: PCI:0000:00:02.0
[   10.296524] vgaarb: device added: PCI:0000:00:02.0,decodes=io+mem,owns=io+mem,locks=none
[   10.381060] vgaarb: loaded
[   10.411078] vgaarb: bridge control possible 0000:00:02.0
[   10.463873] SCSI subsystem initialized
[   10.475522] ACPI: bus type USB registered
[   10.542970] usbcore: registered new interface driver usbfs
[   10.626723] usbcore: registered new interface driver hub
[   10.639374] usbcore: registered new device driver usb
[   10.652385] PCI: Using ACPI for IRQ routing
[   10.671369] NetLabel: Initializing
[   10.684953] NetLabel:  domain hash size = 128
[   10.695392] NetLabel:  protocols = UNLABELED CIPSOv4
[   10.706405] NetLabel:  unlabeled traffic allowed by default
[   10.733770] amd_nb: Cannot enumerate AMD northbridges
[   10.743813] clocksource: Switched to clocksource kvm-clock
[   10.942676] AppArmor: AppArmor Filesystem Enabled
[   11.003592] pnp: PnP ACPI init
[   11.186948] pnp: PnP ACPI: found 3 devices
[   11.283059] clocksource: acpi_pm: mask: 0xffffff max_cycles: 0xffffff, max_idle_ns: 2085701024 ns
[   11.624744] NET: Registered protocol family 2
[   11.716950] TCP established hash table entries: 16384 (order: 5, 131072 bytes)
[   11.768726] TCP bind hash table entries: 16384 (order: 6, 262144 bytes)
[   11.783491] TCP: Hash tables configured (established 16384 bind 16384)
[   11.808593] UDP hash table entries: 1024 (order: 3, 32768 bytes)
[   11.823189] UDP-Lite hash table entries: 1024 (order: 3, 32768 bytes)
[   11.895721] NET: Registered protocol family 1
[   11.936515] pci 0000:00:00.0: Limiting direct PCI/PCI transfers
[   11.943936] pci 0000:00:01.0: Activating ISA DMA hang workarounds
[   12.004040] Unpacking initramfs...
[   13.724664] Freeing initrd memory: 10736K (ffff880036af8000 - ffff880037574000)
[   13.856719] RAPL PMU detected, API unit is 2^-32 Joules, 3 fixed counters 10737418240 ms ovfl timer
[   13.973947] hw unit of domain pp0-core 2^-0 Joules
[   14.016251] hw unit of domain package 2^-0 Joules
[   14.039587] hw unit of domain pp1-gpu 2^-0 Joules
[   14.055338] platform rtc_cmos: registered platform RTC device (no PNP device found)
[   14.077441] Scanning for low memory corruption every 60 seconds
[   14.089664] futex hash table entries: 256 (order: 2, 16384 bytes)
[   14.158086] audit: initializing netlink subsys (disabled)
[   14.333158] audit: type=2000 audit(1492180514.221:1): initialized
[   14.544075] Initialise system trusted keyring
[   14.593985] HugeTLB registered 2 MB page size, pre-allocated 0 pages
[   14.658660] zbud: loaded
[   14.743195] VFS: Disk quotas dquot_6.6.0
[   14.889680] VFS: Dquot-cache hash table entries: 512 (order 0, 4096 bytes)
[   14.954445] squashfs: version 4.0 (2009/01/31) Phillip Lougher
[   14.987197] fuse init (API version 7.23)
[   15.123851] tsc: Refined TSC clocksource calibration: 2593.646 MHz
[   15.143617] clocksource: tsc: mask: 0xffffffffffffffff max_cycles: 0x2562c982194, max_idle_ns: 440795235236 ns
[   15.174197] Key type big_key registered
[   15.187051] Allocating IMA MOK and blacklist keyrings.
[   15.195085] Key type asymmetric registered
[   15.210083] Asymmetric key parser 'x509' registered
[   15.220603] Block layer SCSI generic (bsg) driver version 0.4 loaded (major 249)
[   15.233752] iosscheduler noop registered
[   15.405434] io scheduler deadline registered (default)
[   15.563224] io scheduler cfq registered
[   15.595815] pci_hotplug: PCI Hot Plug PCI Core version: 0.5
[   15.663853] pciehp: PCI Express Hot Plug Controller Driver version: 0.4
[   15.715182] ACPI: AC Adapter [AC] (on-line)
[   15.744288] input: Power Button as /devices/LNXSYSTM:00/LNXPWRBN:00/input/input0
[   15.784435] ACPI: Power Button [PWRF]
[   15.922743] input: Sleep Button as /devices/LNXSYSTM:00/LNXSLPBN:00/input/input1
[   16.093267] ACPI: Sleep Button [SLPF]
[   16.114971] ACPI: Battery Slot [BAT0] (battery present)
[   16.233774] GHES: HEST is not enabled!
[   16.301255] Serial: 8250/16550 driver, 32 ports, IRQ sharing enabled
ÿ[   16.337609] 00:02: ttyS0 at I/O 0x3f8 (irq = 4, base_baud = 115200) is a 16550A
[   16.354773] Linux agpgart interface v0.103
[   16.393891] loop: module loaded
[   16.407517] scsi host0: ata_piix
[   16.493700] scsi host1: ata_piix
[   16.613100] ata1: PATA max UDMA/33 cmd 0x1f0 ctl 0x3f6 bmdma 0xd000 irq 14
[   16.763629] ata2: PATA max UDMA/33 cmd 0x170 ctl 0x376 bmdma 0xd008 irq 15
[   16.794278] libphy: Fixed MDIO Bus: probed
[   16.987302] tun: Universal TUN/TAP device driver, 1.6
[   17.152945] tun: (C) 1999-2004 Max Krasnyansky <maxk@qualcomm.com>
[   17.179942] PPP generic driver version 2.4.2
[   17.293012] ehci_hcd: USB 2.0 'Enhanced' Host Controller (EHCI) Driver
[   17.366459] ehci-pci: EHCI PCI platform driver
[   17.376529] ehci-platform: EHCI generic platform driver
[   17.424462] ohci_hcd: USB 1.1 'Open' Host Controller (OHCI) Driver
[   17.450271] ohci-pci: OHCI PCI platform driver
[   17.460640] ohci-platform: OHCI generic platform driver
[   17.471705] uhci_hcd: USB Universal Host Controller Interface driver
[   17.483384] i8042: PNP: PS/2 Controller [PNP0303:PS2K,PNP0f03:PS2M] at 0x60,0x64 irq 1,12
[   17.564091] serio: i8042 KBD port at 0x60,0x64 irq 1
[   17.577389] serio: i8042 AUX port at 0x60,0x64 irq 12
[   17.656965] mousedev: PS/2 mouse device common for all mice
[   17.704091] input: AT Translated Set 2 keyboard as /devices/platform/i8042/serio0/input/input2
[   17.724783] rtc_cmos rtc_cmos: rtc core: registered rtc_cmos as rtc0
[   18.012392] rtc_cmos rtc_cmos: alarms up to one day, 114 bytes nvram
[   18.195292] i2c /dev entries driver
[   18.233994] device-mapper: uevent: version 1.0.3
[   18.392876] device-mapper: ioctl: 4.34.0-ioctl (2015-10-28) initialised: dm-devel@redhat.com
[   18.494522] ledtrig-cpu: registered to indicate activity on CPUs
[   18.549500] NET: Registered protocol family 10
[   18.560516] NET: Registered protocol family 17
[   18.570225] Key type dns_resolver registered
[   18.587709] microcode: CPU0 sig=0x306a9, pf=0x2, revision=0x19
[   18.604072] microcode: Microcode Update Driver: v2.01 <tigran@aivazian.fsnet.co.uk>, Peter Oruba
[   18.621243] registered taskstats version 1
[   18.643944] Loading compiled-in X.509 certificates
[   18.743922] Loaded X.509 cert 'Build time autogenerated kernel key: 04ae903e4643330d1fe41947e79c28b436494994'
[   18.763712] zswap: loaded using pool lzo/zbud
[   18.854394] Key type trusted registered
[   19.037804] Key type encrypted registered
[   19.113187] AppArmor: AppArmor sha1 policy hashing enabled
[   19.143233] ima: No TPM chip found, activating TPM-bypass!
[   19.373009] evm: HMAC attrs: 0x1
[   19.473245]   Magic number: 13:552:586
[   19.513445] rtc_cmos rtc_cmos: setting system clock to 2017-04-14 14:35:24 UTC (1492180524)
[   19.643764] BIOS EDD facility v0.16 2004-Jun-25, 0 devices found
[   19.682912] EDD information not available.
[   19.693565] Freeing unused kernel memory: 1484K (ffffffff81f45000 - ffffffff820b8000)
[   19.715071] Write protecting the kernel read-only data: 14336k
[   19.748776] Freeing unused kernel memory: 1776K (ffff880001844000 - ffff880001a00000)
[   19.763846] Freeing unused kernel memory: 120K (ffff880001de2000 - ffff880001e00000)
Loading, please [   19.869120] random: udevadm: uninitialized urandom read (16 bytes read, 4 bits of entropy available)
wait...
startin[   19.935483] random: systemd-udevd: uninitialized urandom read (16 bytes read, 4 bits of entropy available)
g version 229
[   20.053303] random: udevadm: uninitialized urandom read (16 bytes read, 4 bits of entropy available)
[   20.215819] random: systemd-udevd: uninitialized urandom read (16 bytes read, 4 bits of entropy available)
[   20.236719] random: systemd-udevd: uninitialized urandom read (16 bytes read, 4 bits of entropy available)
[   20.254155] random: systemd-udevd: uninitialized urandom read (16 bytes read, 4 bits of entropy available)
[   20.271234] random: udevadm: uninitialized urandom read (16 bytes read, 4 bits of entropy available)
[   20.299283] random: udevadm: uninitialized urandom read (16 bytes read, 4 bits of entropy available)
[   20.344862] random: udevadm: uninitialized urandom read (16 bytes read, 4 bits of entropy available)
[   20.673033] random: udevadm: uninitialized urandom read (16 bytes read, 4 bits of entropy available)
[   20.867694] e1000: Intel(R) PRO/1000 Network Driver - version 7.3.21-k8-NAPI
[   20.918264] e1000: Copyright (c) 1999-2006 Intel Corporation.
[   20.966562] Fusion MPT base driver 3.04.20
[   21.017039] Copyright (c) 1999-2008 LSI Corporation
[   21.154694] AVX version of gcm_enc/dec engaged.
[   21.173344] AES CTR mode by8 optimization enabled
[   21.317073] Fusion MPT SPI Host driver 3.04.20
[   21.562903] input: ImExPS/2 Generic Explorer Mouse as /devices/platform/i8042/serio1/input/input4
[   21.990361] e1000 0000:00:03.0 eth0: (PCI:33MHz:32-bit) 02:7f:8e:b9:3d:b3
[   22.005790] e1000 0000:00:03.0 eth0: Intel(R) PRO/1000 Network Connection
[   22.044633] e1000 0000:00:03.0 enp0s3: renamed from eth0
[   22.054458] mptbase: ioc0: Initiating bringup
[   22.168259] ioc0: LSI53C1030 A0: Capabilities={Initiator}
[   22.497488] scsi host2: ioc0: LSI53C1030 A0, FwRev=00000000h, Ports=1, MaxQ=256, IRQ=20
[   22.816846] scsi 2:0:0:0: Direct-Access     VBOX     HARDDISK         1.0  PQ: 0 ANSI: 5
[   22.844474] scsi target2:0:0: Beginning Domain Validation
[   22.874623] scsi target2:0:0: Domain Validation skipping write tests
[   23.063567] scsi target2:0:0: Ending Domain Validation
[   23.108519] scsi target2:0:0: asynchronous
[   23.123489] scsi 2:0:1:0: Direct-Access     VBOX     HARDDISK         1.0  PQ: 0 ANSI: 5
[   23.182949] scsi target2:0:1: Beginning Domain Validation
[   23.274447] scsi target2:0:1: Domain Validation skipping write tests
[   23.294242] scsi target2:0:1: Ending Domain Validation
[   23.393663] scsi target2:0:1: asynchronous
[   23.547374] sd 2:0:0:0: Attached scsi generic sg0 type 0
[   23.733986] sd 2:0:0:0: [sda] 20971520 512-byte logical blocks: (10.7 GB/10.0 GiB)
[   23.785323] sd 2:0:0:0: [sda] Write Protect is off
[   23.844685] sd 2:0:1:0: [sdb] 20480 512-byte logical blocks: (10.5 MB/10.0 MiB)
[   23.863963] sd 2:0:1:0: Attached scsi generic sg1 type 0
[   24.133094] sd 2:0:0:0: [sda] Incomplete mode parameter data
[   24.143427] sd 2:0:0:0: [sda] Assuming drive cache: write through
[   24.183694] sd 2:0:1:0: [sdb] Write Protect is off
[   24.203393] sd 2:0:1:0: [sdb] Incomplete mode parameter data
[   24.219366] sd 2:0:1:0: [sdb] Assuming drive cache: write through
[   24.234352]  sda: sda1
[   24.242781] sd 2:0:1:0: [sdb] Attached SCSI disk
[   24.266725] sd 2:0:0:0: [sda] Attached SCSI disk
[   24.373740] floppy0: no floppy controllers found
Begin: Loading e[   25.758381] md: linear personality registered for level -1
ssential drivers[   25.875875] md: multipath personality registered for level -4
 ... [   26.007290] md: raid0 personality registered for level 0
[   26.016460] md: raid1 personality registered for level 1
[   26.219153] raid6: sse2x1   gen()  8931 MB/s
[   26.302647] raid6: sse2x1   xor()  7854 MB/s
[   26.480144] raid6: sse2x2   gen() 10105 MB/s
[   26.562505] raid6: sse2x2   xor()  7707 MB/s
[   26.702933] raid6: sse2x4   gen() 12384 MB/s
[   26.812620] raid6: sse2x4   xor() 10090 MB/s
[   26.989633] raid6: using algorithm sse2x4 gen() 12384 MB/s
[   27.166178] raid6: .... xor() 10090 MB/s, rmw enabled
[   27.193687] raid6: using ssse3x2 recovery algorithm
[   27.235541] xor: automatically using best checksumming function:
[   27.291841]    avx       : 23169.000 MB/sec
[   27.382317] async_tx: api initialized (async)
[   27.436992] md: raid6 personality registered for level 6
[   27.449076] md: raid5 personality registered for level 5
[   27.459077] md: raid4 personality registered for level 4
[   27.508475] md: raid10 personality registered for level 10
done.
Begin: Running /scripts/init-p[   27.548414] Btrfs loaded
remount ... done.
Begin: Mounting root file system ... Begin: Running /scripts/[   27.613975] EXT4-fs (sda1): mounted filesystem with ordered data mode. Opts: (null)
local-top ... done.
Begin: Running /scripts/local-premount ... Scanning for Btrfs filesystems
done.
Warning: fsck not present, so skipping root file system
done.
Begin: Running /scripts/local-bottom ... done.
Begin: Running /scripts/init-bottom ... done.
[   27.707401] systemd[1]: systemd 229 running in system mode. (+PAM +AUDIT +SELINUX +IMA +APPARMOR +SMACK +SYSVINIT +UTMP +LIBCRYPTSETUP +GCRYPT +GNUTLS +ACL +XZ -LZ4 +SECCOMP +BLKID +ELFUTILS +KMOD -IDN)
[   27.793928] systemd[1]: Detected virtualization oracle.
[   27.803306] systemd[1]: Detected architecture x86-64.

Welcome to [1mUbuntu 16.04.2 LTS[0m!

[   27.844746] systemd[1]: Set hostname to <ubuntu-xenial>.
[   28.001121] systemd[1]: Listening on udev Control Socket.
[[0;32m  OK  [0m] Listening on udev Control Socket.
[   28.028166] systemd[1]: Listening on Journal Audit Socket.
[[0;32m  OK  [0m] Listening on Journal Audit Socket.
[   28.072149] systemd[1]: Listening on /dev/initctl Compatibility Named Pipe.
[[0;32m  OK  [0m] Listening on /dev/initctl Compatibility Named Pipe.
[   28.116266] systemd[1]: Started Forward Password Requests to Wall Directory Watch.
[[0;32m  OK  [0m] Started Forward Password Requests to Wall Directory Watch.
[   28.164309] systemd[1]: Listening on Device-mapper event daemon FIFOs.
[[0;32m  OK  [0m] Listening on Device-mapper event daemon FIFOs.
[   28.198053] systemd[1]: Listening on Syslog Socket.
[[0;32m  OK  [0m] Listening on Syslog Socket.
[   28.228253] systemd[1]: Listening on LVM2 poll daemon socket.
[[0;32m  OK  [0m] Listening on LVM2 poll daemon socket.
[   28.372601] systemd[1]: Set up automount Arbitrary Executable File Formats File System Automount Point.
[[0;32m  OK  [0m] Set up automount Arbitrary Executab...ats File System Automount Point.
[   28.412349] systemd[1]: Created slice System Slice.
[[0;32m  OK  [0m] Created slice System Slice.
[   28.576555] systemd[1]: Listening on Journal Socket.
[[0;32m  OK  [0m] Listening on Journal Socket.
[   28.634030] systemd[1]: Starting Uncomplicated firewall...
         Starting Uncomplicated firewall...
[   28.717050] systemd[1]: Mounting Debug File System...
         Mounting Debug File System...
[   28.745491] systemd[1]: Starting Nameserver information manager...
         Starting Nameserver information manager...
[   28.776796] systemd[1]: Starting Set console keymap...
         Starting Set console keymap...
[   28.808585] systemd[1]: Starting Remount Root and Kernel File Systems...
         [   28.863259] EXT4-fs (sda1): re-mounted. Opts: (null)
Starting Remount Root and Kernel File Systems...
[   28.921599] systemd[1]: Starting Load Kernel Modules...
         [   28.989281] Loading iSCSI transport class v2.0-870.
Starting Load Ke[   29.040166] iscsi: registered transport (tcp)
rnel Modules...
[   29.068625] systemd[1]: Mounting Huge Pages File System...
[   29.092650] random: nonblocking pool is initialized
[   29.125021] iscsi: registered transport (iser)
         Mounting Huge Pages File System...
[   29.160858] systemd[1]: Reached target Encrypted Volumes.
[[0;32m  OK  [0m] Reached target Encrypted Volumes.
[   29.176847] systemd[1]: Starting Create list of required static device nodes for the current kernel...
         Starting Create list of required st... nodes for the current kernel...
[   29.276290] systemd[1]: Listening on LVM2 metadata daemon socket.
[[0;32m  OK  [0m] Listening on LVM2 metadata daemon socket.
[   29.337095] systemd[1]: Starting Monitoring of LVM2 mirrors, snapshots etc. using dmeventd or progress polling...
         Starting Monitoring of LVM2 mirrors... dmeventd or progress polling...
[   29.456518] systemd[1]: Listening on Journal Socket (/dev/log).
[[0;32m  OK  [0m] Listening on Journal Socket (/dev/log).
[   29.509591] systemd[1]: Starting Journal Service...
         Starting Journal Service...
[   29.618875] systemd[1]: Created slice User and Session Slice.
[[0;32m  OK  [0m] Created slice User and Session Slice.
[   29.680251] systemd[1]: Reached target Slices.
[[0;32m  OK  [0m] Reached target Slices.
[   29.752361] systemd[1]: Listening on udev Kernel Socket.
[[0;32m  OK  [0m] Listening on udev Kernel Socket.
[   29.817381] systemd[1]: Reached target User and Group Name Lookups.
[[0;32m  OK  [0m] Reached target User and Group Name Lookups.
[   29.856541] systemd[1]: Created slice system-serial\x2dgetty.slice.
[[0;32m  OK  [0m] Created slice system-serial\x2dgetty.slice.
[   29.913782] systemd[1]: Mounting POSIX Message Queue File System...
         Mounting POSIX Message Queue File System...
[   30.032583] systemd[1]: Reached target Swap.
[[0;32m  OK  [0m] Reached target Swap.
[   30.078794] systemd[1]: Mounted Huge Pages File System.
[[0;32m  OK  [0m] Mounted Huge Pages File System.
[   30.152533] systemd[1]: Mounted Debug File System.
[[0;32m  OK  [0m] Mounted Debug File System.
[   30.248111] systemd[1]: Mounted POSIX Message Queue File System.
[[0;32m  OK  [0m] Mounted POSIX Message Queue File System.
[   30.327292] systemd[1]: Started Journal Service.
[[0;32m  OK  [0m] Started Journal Service.
[[0;32m  OK  [0m] Started Uncomplicated firewall.
[[0;32m  OK  [0m] Started Set console keymap.
[[0;32m  OK  [0m] Started Remount Root and Kernel File Systems.
[[0;32m  OK  [0m] Started Load Kernel Modules.
[[0;32m  OK  [0m] Started Create list of required sta...ce nodes for the current kernel.
[[0;32m  OK  [0m] Started Nameserver information manager.
[[0;32m  OK  [0m] Started LVM2 metadata daemon.
         Starting Create Static Device Nodes in /dev...
         Mounting FUSE Control File System...
         Starting Apply Kernel Variables...
         Starting Load/Save Random Seed...
         Starting Initial cloud-init job (pre-networking)...
         Starting udev Coldplug all Devices...
         Starting Flush Journal to Persistent Storage...
[[0;32m  OK  [0m] Mounted FUSE Control File System.
[[0;32m  OK  [0m] Started Create Static Device Nodes in /dev.
[[0;32m  OK  [0m] Started Apply Kernel Variables.
[[0;32m  OK  [0m] Started Load/Save Random Seed.
         Starting udev Kernel Device Manager...
[[0;32m  OK  [0m] Started udev Kernel Device Manager.
[[0;32m  OK  [0m] Started Flush Journal to Persistent Storage.
[[0;32m  OK  [0m] Started Monitoring of LVM2 mirrors,...ng dmeventd or progress polling.
[[0;32m  OK  [0m] Started udev Coldplug all Devices.
[[0;32m  OK  [0m] Reached target Local File Systems (Pre).
[[0;32m  OK  [0m] Reached target Local File Systems.
         Starting Set console font and keymap...
         Starting Tell Plymouth To Write Out Runtime Data...
         Starting LSB: AppArmor initialization...
         Starting Create Volatile Files and Directories...
[[0;32m  OK  [0m] Started Dispatch Password Requests to Console Directory Watch.
[[0;32m  OK  [0m] Started Tell Plymouth To Write Out Runtime Data.
[[0;32m  OK  [0m] Started Create Volatile Files and Directories.
[[0;32m  OK  [0m] Found device /dev/ttyS0.
         Starting Update UTMP about System Boot/Shutdown...
[[0;32m  OK  [0m] Reached target System Time Synchronized.
[[0;32m  OK  [0m] Started Set console font and keymap.
[[0;32m  OK  [0m] Started LSB: AppArmor initialization.
[[0;32m  OK  [0m] Started Initial cloud-init job (pre-networking).
[[0;32m  OK  [0m] Found device 82540EM Gigabit Ethern...r (PRO/1000 MT Desktop Adapter).
[   22.125388] cloud-init[459]: Cloud-init v. 0.7.9 running 'init-local' at Fri, 14 Apr 2017 14:35:36 +0000. Up 21.60 seconds.
[[0;32m  OK  [0m] Started Update UTMP about System Boot/Shutdown.
[[0;32m  OK  [0m] Listening on Load/Save RF Kill Switch Status /dev/rfkill Watch.
[[0;32m  OK  [0m] Reached target Network (Pre).
         Starting Raise network interfaces...
[[0;32m  OK  [0m] Started ifup for enp0s3.
[[0;32m  OK  [0m] Created slice system-getty.slice.
[[0;32m  OK  [0m] Started Raise network interfaces.
         Starting Initial cloud-init job (metadata service crawler)...
[[0;32m  OK  [0m] Reached target Network.
[   27.064780] cloud-init[980]: Cloud-init v. 0.7.9 running 'init' at Fri, 14 Apr 2017 14:35:42 +0000. Up 26.85 seconds.
[   27.156735] cloud-init[980]: ci-info: +++++++++++++++++++++++++++++++++++++Net device info++++++++++++++++++++++++++++++++++++++
[[0;32m  OK  [0m] Started Initial cloud-init job (metadata service crawler).
[[0;32m  OK  [0m] Reached target System Initialization.
[   27.247512] [[0;32m  OK  [0m] Started Daily Cleanup of Temporary Directories.
[[0;32m  OK  [0m] Started Trigger resolvconf update for networkd DNS.
[[0;32m  OK  [0m] Listening on ACPID Listen Socket.
cloud-init[980]: ci-info: +--------+------+----------------------------+---------------+-------+-------------------+
[   27.450654] cloud-init[980]: ci-info: | Device |  Up  |          Address           |      Mask     | Scope |     Hw-Address    |
         Starting LXD - unix socket.
[   27.514414] cloud-init[980]: ci-info: +--------+------+----------------------------+---------------+-------+-------------------+
[   27.592665] cloud-init[980]: ci-info: | enp0s3 | True |         10.0.2.15          | 255.255.255.0 |   .   | 02:7f:8e:b9:3d:b3 |
[[0;32m  OK  [0m] Started Daily apt activities.
[   27.639328] cloud-init[980]: ci-info: | enp0s3 | True | fe80::7f:8eff:feb9:3db3/64 |       .       |  link | 02:7f:8e:b9:3d:b3 |
[   27.704999] cloud-init[980]: ci-info: |   lo   | True |         127.0.0.1          |   255.0.0.0   |   .   |         .         |
[[0;32m  OK  [0m] Listening on UUID daemon activation socket.
[[0;32m  OK  [0m] Listening on D-Bus System Message Bus Socket.
[   27.744092] cloud-init[980]: ci-info: |   lo   | True |          ::1/128           |       .       |  host |         .         |
[   27.916566] cloud-init[980]: ci-info: +--------+------+----------------------------+---------------+-------+-------------------+
[[0;32m  OK  [0m] Started Timer to automatically refresh installed snaps.
[[0;32m  OK  [0m] Reached target Timers.
[   27.952011] cloud-init[980]: ci-info: +++++++++++++++++++++++++++Route IPv4 info++++++++++++++++++++++++++++
[   28.063095] cloud-init[980]: ci-info: +-------+-------------+----------+---------------+-----------+-------+
[[0;32m  OK  [0m] Started ACPI Events Check.
[[0;32m  OK  [0m] Reached target Paths.
[   28.138637] cloud-init[980]: ci-info: | Route | Destination | Gateway  |    Genmask    | Interface | Flags |
[   28.217602] cloud-init[980]: ci-info: +-------+-------------+----------+---------------+-----------+-------+
         Starting Socket activation for snappy daemon.
[[0;32m  OK  [0m] Reached target Cloud-config availability.
[   28.265401] cloud-init[980]: ci-info: |   0   |   0.0.0.0   | 10.0.2.2 |    0.0.0.0    |   enp0s3  |   UG  |
[[0;32m  OK  [0m] Reached target Network is Online.
         Starting iSCSI initiator daemon (iscsid)...
[[0;32m  OK  [0m[   28.387822] cloud-init[980]: ci-info: |   1   |   10.0.2.0  | 0.0.0.0  | 255.255.255.0 |   enp0s3  |   U   |
[   28.444283] cloud-init[980]: ci-info: +-------+-------------+----------+---------------+-----------+-------+
] Listening on LXD - unix socket.
[[0;32m  OK  [0m] Listening on Socket activation for snappy daemon.
[[0;32m  OK  [0m] Started iSCSI initiator daemon (iscsid).
         Starting Login to default iSCSI targets...
[[0;32m  OK  [0m] Reached target Sockets.
[[0;32m  OK  [0m] Reached target Basic System.
[[0;32m  OK  [0m] Started ACPI event daemon.
[[0;32m  OK  [0m] Started Snappy daemon.
         Starting System Logging Service...
         Starting Auto import assertions from block devices...
[[0;32m  OK  [0m] Started Puppet agent.
         Starting /etc/rc.local Compatibility...
[[0;32m  OK  [0m] Started FUSE filesystem for LXC.
         Starting OpenBSD Secure Shell server...
         Starting The Marionette Collective...
         Starting Apply the settings specified in cloud-config...
[[0;32m  OK  [0m] Started Deferred execution scheduler.
[[0;32m  OK  [0m] Started Regular background program processing daemon.
         Starting Accounts Service...
         Starting LSB: MD monitoring daemon...
         Starting Login Service...
[[0;32m  OK  [0m] Started D-Bus System Message Bus.
         Starting LSB: Record successful boot for GRUB...
         Starting LXD - container startup/shutdown...
[[0;32m  OK  [0m] Started System Logging Service.
[[0;32m  OK  [0m] Started OpenBSD Secure Shell server.
[[0;32m  OK  [0m] Started Auto import assertions from block devices.
[[0;32m  OK  [0m] Started /etc/rc.local Compatibility.
[[0;32m  OK  [0m] Started LXD - container startup/shutdown.
[[0;32m  OK  [0m] Started Login to default iSCSI targets.
[[0;32m  OK  [0m] Started LSB: Record successful boot for GRUB.
[[0;32m  OK  [0m] Started LSB: MD monitoring daemon.
[[0;32m  OK  [0m] Started Login Service.
         Starting Authenticate and Authorize Users to Run Privileged Tasks...
[[0;32m  OK  [0m] Reached target Remote File Systems (Pre).
[[0;32m  OK  [0m] Reached target Remote File Systems.
         Starting LSB: VirtualBox Linux Additions...
         Starting LSB: Set the CPU Frequency Scaling governor to "ondemand"...
         Starting LSB: automatic crash report generation...
         Starting LSB: daemon to balance interrupts for SMP systems...
         Starting Permit User Sessions...
[[0;32m  OK  [0m] Started Permit User Sessions.
[[0;32m  OK  [0m] Started Authenticate and Authorize Users to Run Privileged Tasks.
[[0;32m  OK  [0m] Started The Marionette Collective.
[[0;32m  OK  [0m] Started Accounts Service.
[   30.207934] cloud-init[1081]: Cloud-init v. 0.7.9 running 'modules:config' at Fri, 14 Apr 2017 14:35:45 +0000. Up 30.05 seconds.
         Starting Hold until boot process finishes up...
         Starting Terminate Plymouth Boot Screen...
[[0;32m  OK  [0m] Started Apply the settings specified in cloud-config.
[[0;32m  OK  [0m] Started LSB: VirtualBox Linux Additions.
[[0;32m  OK  [0m] Started LSB: Set the CPU Frequency Scaling governor to "ondemand".
[[0;32m  OK  [0m] Started LSB: automatic crash report generation.
[[0;32m  OK  [0m] Started LSB: daemon to balance interrupts for SMP systems.
[[0;32m  OK  [0m] Started Hold until boot process finishes up.
[[0;32m  OK  [0m] Started Terminate Plymouth Boot Screen.
[[0;32m  OK  [0m] Started Getty on tty1.
         Starting Set console scheme...
[[0;32m  OK  [0m] Started Serial Getty on ttyS0.
[[0;32m  OK  [0m] Reached target Login Prompts.
[[0;32m  OK  [0m] Reached target Multi-User System.
[[0;32m  OK  [0m] Reached target Graphical Interface.
         Starting Update UTMP about System Runlevel Changes...
         Starting Execute cloud user/final scripts...
[[0;32m  OK  [0m] Started Set console scheme.
[[0;32m  OK  [0m] Started Update UTMP about System Runlevel Changes.
[   31.662363] cloud-init[1250]: Cloud-init v. 0.7.9 running 'modules:final' at Fri, 14 Apr 2017 14:35:46 +0000. Up 31.46 seconds.
[[0;32m  OK  [0m] Started Execute cloud user/final scripts.
[[0;32m  OK  [0m] Reached target Cloud-init target.
[   31.770097] cloud-init[1250]: Cloud-init v. 0.7.9 finished at Fri, 14 Apr 2017 14:35:46 +0000. Datasource DataSourceNoCloud [seed=/dev/sdb][dsmode=net].  Up 31.64 seconds

Ubuntu 16.04.2 LTS ubuntu-xenial ttyS0

ubuntu-xenial login: 